src/adapters/browserAdapter.ts(13,1): error TS6133: 'BotOptions' is declared but its value is never read.
src/adapters/browserAdapter.ts(14,15): error TS6196: 'BotMove' is declared but never used.
src/adapters/browserAdapter.ts(23,1): error TS6133: 'getComprehensiveProfanityWords' is declared but its value is never read.
src/adapters/browserAdapter.ts(221,80): error TS6133: 'lockedLetters' is declared but its value is never read.
src/adapters/browserAdapter.ts(368,51): error TS6133: 'options' is declared but its value is never read.
src/adapters/integration.test.ts(10,1): error TS6133: 'NodeAdapter' is declared but its value is never read.
src/App.test.tsx(3,26): error TS6133: 'fireEvent' is declared but its value is never read.
src/App.test.tsx(3,37): error TS6133: 'waitFor' is declared but its value is never read.
src/App.test.tsx(3,46): error TS6133: 'act' is declared but its value is never read.
src/App.test.tsx(6,1): error TS6133: 'BrowserAdapter' is declared but its value is never read.
src/App.test.tsx(42,30): error TS6133: 'content' is declared but its value is never read.
src/App.test.tsx(45,30): error TS6133: 'content' is declared but its value is never read.
src/App.test.tsx(48,30): error TS6133: 'content' is declared but its value is never read.
src/App.test.tsx(60,41): error TS6133: 'content' is declared but its value is never read.
src/App.test.tsx(66,43): error TS6133: 'content' is declared but its value is never read.
src/App.test.tsx(72,43): error TS6133: 'content' is declared but its value is never read.
src/App.test.tsx(83,30): error TS6133: 'content' is declared but its value is never read.
src/App.test.tsx(86,30): error TS6133: 'content' is declared but its value is never read.
src/App.test.tsx(89,30): error TS6133: 'content' is declared but its value is never read.
src/components/challenge/ChallengeGame.tsx(75,10): error TS6133: 'wordData' is declared but its value is never read.
src/components/challenge/ChallengeGame.tsx(76,10): error TS6133: 'isLoaded' is declared but its value is never read.
src/components/game/DebugDialog.tsx(74,9): error TS6133: 'handleOverlayClick' is declared but its value is never read.
src/components/game/InteractiveGame.tsx(110,34): error TS6133: 'wordData' is declared but its value is never read.
src/components/game/InteractiveGame.tsx(110,44): error TS6133: 'isLoaded' is declared but its value is never read.
src/components/game/ScoreDisplay.tsx(91,24): error TS6133: 'e' is declared but its value is never read.
src/components/game/SubmitButton.tsx(31,9): error TS6133: 'getButtonText' is declared but its value is never read.
src/components/game/WordBuilder.tsx(32,3): error TS6133: 'className' is declared but its value is never read.
src/components/game/WordBuilder.tsx(148,38): error TS6133: 'e' is declared but its value is never read.
src/components/tutorial/__tests__/tutorial.test.tsx(1,1): error TS6133: 'React' is declared but its value is never read.
src/components/ui/__tests__/MainScreen.test.tsx(43,30): error TS6133: 'content' is declared but its value is never read.
src/components/ui/__tests__/MainScreen.test.tsx(46,30): error TS6133: 'content' is declared but its value is never read.
src/components/ui/__tests__/MainScreen.test.tsx(49,30): error TS6133: 'content' is declared but its value is never read.
src/components/ui/__tests__/MainScreen.test.tsx(62,43): error TS6133: 'content' is declared but its value is never read.
src/components/ui/__tests__/MainScreen.test.tsx(82,43): error TS6133: 'content' is declared but its value is never read.
src/components/ui/__tests__/MainScreen.test.tsx(109,43): error TS6133: 'content' is declared but its value is never read.
src/components/ui/__tests__/MainScreen.test.tsx(134,43): error TS6133: 'content' is declared but its value is never read.
src/components/ui/__tests__/Toast.test.tsx(7,32): error TS6133: 'vi' is declared but its value is never read.
src/components/ui/Menu.tsx(42,3): error TS6133: 'currentGameMode' is declared but its value is never read.
src/components/ui/Menu.tsx(43,3): error TS6133: 'vanityFilterUnlocked' is declared but its value is never read.
src/components/ui/Menu.tsx(363,37): error TS6133: 'isDarkModeToggle' is declared but its value is never read.
src/components/ui/Menu.tsx(393,37): error TS6133: 'isThemeItem' is declared but its value is never read.
src/components/ui/ToastManager.tsx(93,29): error TS6133: 'index' is declared but its value is never read.
src/components/unlock/__tests__/unlock-integration.test.tsx(7,32): error TS6133: 'beforeEach' is declared but its value is never read.
src/components/unlock/__tests__/unlock-integration.test.tsx(8,35): error TS6133: 'fireEvent' is declared but its value is never read.
src/hooks/useGameState.ts(5,8): error TS6133: 'GameStateDependencies' is declared but its value is never read.
src/hooks/useUnlockedThemes.ts(10,1): error TS6133: 'GameTheme' is declared but its value is never read.
src/hooks/useVanityFilter.ts(36,33): error TS6133: 'props' is declared but its value is never read.
src/stories/ThemeShowcase.stories.tsx(24,49): error TS2339: Property 'default' does not exist on type '{ primary: string; text: string; textSecondary: string; background: string; surface: string; surfaceHover: string; accent: string; accentText: string; locked: string; disabled: string; }'.
src/stories/ThemeShowcase.stories.tsx(40,21): error TS2322: Type '{ letter: string; state: "normal"; onClick: () => void; disabled: false; }' is not assignable to type 'IntrinsicAttributes & GridCellProps'.
  Property 'letter' does not exist on type 'IntrinsicAttributes & GridCellProps'.
src/stories/ThemeShowcase.stories.tsx(46,21): error TS2322: Type '{ letter: string; state: "key"; onClick: () => void; disabled: false; }' is not assignable to type 'IntrinsicAttributes & GridCellProps'.
  Property 'letter' does not exist on type 'IntrinsicAttributes & GridCellProps'.
src/stories/ThemeShowcase.stories.tsx(52,21): error TS2322: Type '{ letter: string; state: "normal"; onClick: () => void; disabled: false; }' is not assignable to type 'IntrinsicAttributes & GridCellProps'.
  Property 'letter' does not exist on type 'IntrinsicAttributes & GridCellProps'.
src/stories/ThemeShowcase.stories.tsx(58,21): error TS2322: Type '{ letter: string; state: "locked"; onClick: () => void; disabled: false; }' is not assignable to type 'IntrinsicAttributes & GridCellProps'.
  Property 'letter' does not exist on type 'IntrinsicAttributes & GridCellProps'.
src/stories/ThemeShowcase.stories.tsx(84,60): error TS2339: Property 'default' does not exist on type '{ primary: string; text: string; textSecondary: string; background: string; surface: string; surfaceHover: string; accent: string; accentText: string; locked: string; disabled: string; }'.
